0 verbose cli D:\software\nodejs\node.exe D:\home\ybl\.npm-global\node_modules\npm\bin\npm-cli.js
1 info using npm@12.0.2
2 info using node@v24.15.0
3 silly config load:file:D:\home\ybl\.npm-global\node_modules\npm\npmrc
4 silly config load:file:D:\code\l7vp\0818-hxc\DIG_GEO\DIG_GEO\.npmrc
5 silly config load:file:C:\Users\yu\.npmrc
6 silly config load:file:D:\home\ybl\.npm-global\etc\npmrc
7 verbose title npm run build:editor
8 verbose argv "run" "build:editor"
9 verbose logfile logs-max:10 dir:D:\code\l7vp\0818-hxc\DIG_GEO\DIG_GEO\npm-cache\_logs\2026-09-08T07_56_12_777Z-
10 verbose logfile D:\code\l7vp\0818-hxc\DIG_GEO\DIG_GEO\npm-cache\_logs\2026-09-08T07_56_12_777Z-debug-0.log
11 silly logfile done cleaning log files
12 notice run build:editor
13 notice run lerna run build --scope=@antv/li-editor
14 http fetch GET 200 https://registry.npmmirror.com/npm 194ms
15 verbose cwd D:\code\l7vp\0818-hxc\DIG_GEO\DIG_GEO
16 verbose os Windows_NT 10.0.26200
17 verbose node v24.15.0
18 verbose npm  v12.0.2
19 verbose exit 1
20 verbose code 1
