0 verbose cli D:\software\nodejs\node.exe D:\home\ybl\.npm-global\node_modules\npm\bin\npm-cli.js
1 info using npm@12.0.2
2 info using node@v24.15.0
3 silly config load:file:D:\home\ybl\.npm-global\node_modules\npm\npmrc
4 info config found workspace root at D:\code\l7vp\0818-hxc\DIG_GEO\DIG_GEO
5 silly config load:file:D:\code\l7vp\0818-hxc\DIG_GEO\DIG_GEO\.npmrc
6 silly config load:file:C:\Users\yu\.npmrc
7 silly config load:file:D:\home\ybl\.npm-global\etc\npmrc
8 verbose title npm run build
9 verbose argv "run" "build"
10 verbose logfile logs-max:10 dir:D:\code\l7vp\0818-hxc\DIG_GEO\DIG_GEO\website\npm-cache\_logs\2026-09-09T05_40_48_464Z-
11 verbose logfile D:\code\l7vp\0818-hxc\DIG_GEO\DIG_GEO\website\npm-cache\_logs\2026-09-09T05_40_48_464Z-debug-0.log
12 silly logfile start cleaning logs, removing 1 files
13 silly logfile done cleaning log files
14 notice run @antv/li-website@0.0.0 build
15 notice run umi build
16 http fetch GET 200 https://registry.npmmirror.com/npm 227ms
17 verbose cwd D:\code\l7vp\0818-hxc\DIG_GEO\DIG_GEO\website
18 verbose os Windows_NT 10.0.26200
19 verbose node v24.15.0
20 verbose npm  v12.0.2
21 verbose exit 0
22 info ok
