0 verbose cli D:\software\nodejs\node.exe D:\home\ybl\.npm-global\node_modules\npm\bin\npm-cli.js
1 info using npm@12.0.2
2 info using node@v24.15.0
3 silly config load:file:D:\home\ybl\.npm-global\node_modules\npm\npmrc
4 info config found workspace root at D:\code\l7vp\0818-hxc\DIG_GEO\DIG_GEO
5 silly config load:file:D:\code\l7vp\0818-hxc\DIG_GEO\DIG_GEO\.npmrc
6 silly config load:file:C:\Users\yu\.npmrc
7 silly config load:file:D:\home\ybl\.npm-global\etc\npmrc
8 verbose title npm run clean
9 verbose argv "run" "clean"
10 verbose logfile logs-max:10 dir:D:\code\l7vp\0818-hxc\DIG_GEO\DIG_GEO\packages\li-editor\npm-cache\_logs\2026-09-07T08_24_43_030Z-
11 verbose logfile D:\code\l7vp\0818-hxc\DIG_GEO\DIG_GEO\packages\li-editor\npm-cache\_logs\2026-09-07T08_24_43_030Z-debug-0.log
12 silly logfile done cleaning log files
13 notice run @antv/li-editor@1.6.1 clean
14 notice run rimraf dist
15 verbose cwd D:\code\l7vp\0818-hxc\DIG_GEO\DIG_GEO\packages\li-editor
16 verbose os Windows_NT 10.0.26200
17 verbose node v24.15.0
18 verbose npm  v12.0.2
19 verbose exit 0
20 info ok
